/usr/local/lib/python3.12/dist-packages/mlflow/tracking/_tracking_service/utils.py:184: FutureWarning: The filesystem tracking backend (e.g., './mlruns') is deprecated as of February 2026. Consider transitioning to a database backend (e.g., 'sqlite:///mlflow.db') to take advantage of the latest MLflow features. See https://mlflow.org/docs/latest/self-hosting/migrate-from-file-store for migration guidance.
  return FileStore(store_uri, store_uri)
▶ 디바이스: cuda
▶ 날씨 데이터 로드 중...
/workspace/LSTM/scripts/train/train_all_meters.py:114: UserWarning: pandas only supports SQLAlchemy connectable (engine/connection) or database string URI or sqlite3 DBAPI2 connection. Other DBAPI2 objects are not tested. Please consider using SQLAlchemy.
  df = pd.read_sql(sql, conn)
▶ 대상 계량기: 80개

[ 1/80] H1.K11                 SKIP (기존 모델 존재)
[ 2/80] H1.K12                 SKIP (기존 모델 존재)
[ 3/80] H1.K14                 SKIP (기존 모델 존재)
[ 4/80] H1.K15                 SKIP (기존 모델 존재)
[ 5/80] H1.K16                 SKIP (기존 모델 존재)
[ 6/80] H1.W11                 SKIP (기존 모델 존재)
[ 7/80] H1.W12                 SKIP (기존 모델 존재)
[ 8/80] H1.Z10                 SKIP (기존 모델 존재)
[ 9/80] H1.Z11                 SKIP (기존 모델 존재)
[10/80] H1.Z12                 SKIP (기존 모델 존재)
[11/80] H1.Z13                 SKIP (기존 모델 존재)
[12/80] H1.Z14                 SKIP (기존 모델 존재)
[13/80] H1.Z15                 SKIP (기존 모델 존재)
[14/80] H1.Z16                 SKIP (기존 모델 존재)
[15/80] H1.Z17                 SKIP (기존 모델 존재)
[16/80] H1.Z18                 SKIP (기존 모델 존재)
[17/80] H1.Z19                 SKIP (기존 모델 존재)
[18/80] H1.Z20                 SKIP (기존 모델 존재)
[19/80] H1.Z21                 SKIP (기존 모델 존재)
[20/80] H1.Z22                 SKIP (기존 모델 존재)
[21/80] H1.Z23                 SKIP (기존 모델 존재)
[22/80] H1.Z24                 SKIP (기존 모델 존재)
[23/80] H1.Z25                 SKIP (기존 모델 존재)
[24/80] H1.Z26                 학습 중... /workspace/LSTM/scripts/train/train_all_meters.py:130: UserWarning: pandas only supports SQLAlchemy connectable (engine/connection) or database string URI or sqlite3 DBAPI2 connection. Other DBAPI2 objects are not tested. Please consider using SQLAlchemy.
  df = pd.read_sql(sql, conn)
완료 (95s) | val MAE=1.1kW WAPE=22.5% F1=0.269
[25/80] H1.Z27                 학습 중... /workspace/LSTM/scripts/train/train_all_meters.py:130: UserWarning: pandas only supports SQLAlchemy connectable (engine/connection) or database string URI or sqlite3 DBAPI2 connection. Other DBAPI2 objects are not tested. Please consider using SQLAlchemy.
  df = pd.read_sql(sql, conn)
완료 (69s) | val MAE=5.4kW WAPE=32.3% F1=0.272
[26/80] H1.Z28                 학습 중... /workspace/LSTM/scripts/train/train_all_meters.py:130: UserWarning: pandas only supports SQLAlchemy connectable (engine/connection) or database string URI or sqlite3 DBAPI2 connection. Other DBAPI2 objects are not tested. Please consider using SQLAlchemy.
  df = pd.read_sql(sql, conn)
완료 (83s) | val MAE=10.6kW WAPE=64.0% F1=0.292
[27/80] H1.Z29                 학습 중... /workspace/LSTM/scripts/train/train_all_meters.py:130: UserWarning: pandas only supports SQLAlchemy connectable (engine/connection) or database string URI or sqlite3 DBAPI2 connection. Other DBAPI2 objects are not tested. Please consider using SQLAlchemy.
  df = pd.read_sql(sql, conn)
완료 (110s) | val MAE=50.8kW WAPE=nan% F1=0.326
[28/80] H1.Z310                학습 중... /workspace/LSTM/scripts/train/train_all_meters.py:130: UserWarning: pandas only supports SQLAlchemy connectable (engine/connection) or database string URI or sqlite3 DBAPI2 connection. Other DBAPI2 objects are not tested. Please consider using SQLAlchemy.
  df = pd.read_sql(sql, conn)
완료 (110s) | val MAE=11.0kW WAPE=nan% F1=0.376
[29/80] H1.ZE20                학습 중... /workspace/LSTM/scripts/train/train_all_meters.py:130: UserWarning: pandas only supports SQLAlchemy connectable (engine/connection) or database string URI or sqlite3 DBAPI2 connection. Other DBAPI2 objects are not tested. Please consider using SQLAlchemy.
  df = pd.read_sql(sql, conn)
완료 (27s) | val MAE=7.3kW WAPE=nan% F1=0.316
[30/80] H2.K21                 학습 중... /workspace/LSTM/scripts/train/train_all_meters.py:130: UserWarning: pandas only supports SQLAlchemy connectable (engine/connection) or database string URI or sqlite3 DBAPI2 connection. Other DBAPI2 objects are not tested. Please consider using SQLAlchemy.
  df = pd.read_sql(sql, conn)
완료 (77s) | val MAE=2.3kW WAPE=24.8% F1=0.464
[31/80] H2.T.Z30               학습 중... /workspace/LSTM/scripts/train/train_all_meters.py:130: UserWarning: pandas only supports SQLAlchemy connectable (engine/connection) or database string URI or sqlite3 DBAPI2 connection. Other DBAPI2 objects are not tested. Please consider using SQLAlchemy.
  df = pd.read_sql(sql, conn)
완료 (82s) | val MAE=1.0kW WAPE=6.5% F1=0.257
[32/80] H2.T.Z31               학습 중... /workspace/LSTM/scripts/train/train_all_meters.py:130: UserWarning: pandas only supports SQLAlchemy connectable (engine/connection) or database string URI or sqlite3 DBAPI2 connection. Other DBAPI2 objects are not tested. Please consider using SQLAlchemy.
  df = pd.read_sql(sql, conn)
완료 (110s) | val MAE=0.4kW WAPE=5.2% F1=0.385
[33/80] H2.T.Z32               학습 중... /workspace/LSTM/scripts/train/train_all_meters.py:130: UserWarning: pandas only supports SQLAlchemy connectable (engine/connection) or database string URI or sqlite3 DBAPI2 connection. Other DBAPI2 objects are not tested. Please consider using SQLAlchemy.
  df = pd.read_sql(sql, conn)
완료 (87s) | val MAE=0.6kW WAPE=9.1% F1=0.324
[34/80] H2.T.Z33               학습 중... /workspace/LSTM/scripts/train/train_all_meters.py:130: UserWarning: pandas only supports SQLAlchemy connectable (engine/connection) or database string URI or sqlite3 DBAPI2 connection. Other DBAPI2 objects are not tested. Please consider using SQLAlchemy.
  df = pd.read_sql(sql, conn)
완료 (152s) | val MAE=10.8kW WAPE=38.3% F1=0.309
[35/80] H2.T.Z34               학습 중... /workspace/LSTM/scripts/train/train_all_meters.py:130: UserWarning: pandas only supports SQLAlchemy connectable (engine/connection) or database string URI or sqlite3 DBAPI2 connection. Other DBAPI2 objects are not tested. Please consider using SQLAlchemy.
  df = pd.read_sql(sql, conn)
완료 (124s) | val MAE=1.7kW WAPE=2.2% F1=0.354
[36/80] H2.Z311                학습 중... /workspace/LSTM/scripts/train/train_all_meters.py:130: UserWarning: pandas only supports SQLAlchemy connectable (engine/connection) or database string URI or sqlite3 DBAPI2 connection. Other DBAPI2 objects are not tested. Please consider using SQLAlchemy.
  df = pd.read_sql(sql, conn)
완료 (50s) | val MAE=32.8kW WAPE=nan% F1=0.376
[37/80] H2.Z35                 학습 중... /workspace/LSTM/scripts/train/train_all_meters.py:130: UserWarning: pandas only supports SQLAlchemy connectable (engine/connection) or database string URI or sqlite3 DBAPI2 connection. Other DBAPI2 objects are not tested. Please consider using SQLAlchemy.
  df = pd.read_sql(sql, conn)
완료 (70s) | val MAE=0.4kW WAPE=nan% F1=0.324
[38/80] H2.Z351                학습 중... /workspace/LSTM/scripts/train/train_all_meters.py:130: UserWarning: pandas only supports SQLAlchemy connectable (engine/connection) or database string URI or sqlite3 DBAPI2 connection. Other DBAPI2 objects are not tested. Please consider using SQLAlchemy.
  df = pd.read_sql(sql, conn)
완료 (127s) | val MAE=9.7kW WAPE=17.8% F1=0.346
[39/80] H2.Z36                 학습 중... /workspace/LSTM/scripts/train/train_all_meters.py:130: UserWarning: pandas only supports SQLAlchemy connectable (engine/connection) or database string URI or sqlite3 DBAPI2 connection. Other DBAPI2 objects are not tested. Please consider using SQLAlchemy.
  df = pd.read_sql(sql, conn)
완료 (80s) | val MAE=0.3kW WAPE=nan% F1=0.321
[40/80] H2.Z361                학습 중... /workspace/LSTM/scripts/train/train_all_meters.py:130: UserWarning: pandas only supports SQLAlchemy connectable (engine/connection) or database string URI or sqlite3 DBAPI2 connection. Other DBAPI2 objects are not tested. Please consider using SQLAlchemy.
  df = pd.read_sql(sql, conn)
완료 (116s) | val MAE=10.1kW WAPE=18.5% F1=0.346
[41/80] H2.Z61                 학습 중... /workspace/LSTM/scripts/train/train_all_meters.py:130: UserWarning: pandas only supports SQLAlchemy connectable (engine/connection) or database string URI or sqlite3 DBAPI2 connection. Other DBAPI2 objects are not tested. Please consider using SQLAlchemy.
  df = pd.read_sql(sql, conn)
완료 (54s) | val MAE=0.1kW WAPE=0.8% F1=0.264
[42/80] H2.Z62                 학습 중... /workspace/LSTM/scripts/train/train_all_meters.py:130: UserWarning: pandas only supports SQLAlchemy connectable (engine/connection) or database string URI or sqlite3 DBAPI2 connection. Other DBAPI2 objects are not tested. Please consider using SQLAlchemy.
  df = pd.read_sql(sql, conn)
완료 (60s) | val MAE=0.0kW WAPE=8.7% F1=0.376
[43/80] H2.Z63                 학습 중... /workspace/LSTM/scripts/train/train_all_meters.py:130: UserWarning: pandas only supports SQLAlchemy connectable (engine/connection) or database string URI or sqlite3 DBAPI2 connection. Other DBAPI2 objects are not tested. Please consider using SQLAlchemy.
  df = pd.read_sql(sql, conn)
완료 (93s) | val MAE=0.1kW WAPE=0.5% F1=0.448
[44/80] H2.Z64                 학습 중... /workspace/LSTM/scripts/train/train_all_meters.py:130: UserWarning: pandas only supports SQLAlchemy connectable (engine/connection) or database string URI or sqlite3 DBAPI2 connection. Other DBAPI2 objects are not tested. Please consider using SQLAlchemy.
  df = pd.read_sql(sql, conn)
완료 (133s) | val MAE=0.1kW WAPE=1.1% F1=0.384
[45/80] H2.Z65                 학습 중... /workspace/LSTM/scripts/train/train_all_meters.py:130: UserWarning: pandas only supports SQLAlchemy connectable (engine/connection) or database string URI or sqlite3 DBAPI2 connection. Other DBAPI2 objects are not tested. Please consider using SQLAlchemy.
  df = pd.read_sql(sql, conn)
완료 (133s) | val MAE=0.2kW WAPE=1.6% F1=0.371
[46/80] H2.Z66                 학습 중... /workspace/LSTM/scripts/train/train_all_meters.py:130: UserWarning: pandas only supports SQLAlchemy connectable (engine/connection) or database string URI or sqlite3 DBAPI2 connection. Other DBAPI2 objects are not tested. Please consider using SQLAlchemy.
  df = pd.read_sql(sql, conn)
완료 (93s) | val MAE=0.5kW WAPE=14.3% F1=0.334
[47/80] H2.Z67                 학습 중... /workspace/LSTM/scripts/train/train_all_meters.py:130: UserWarning: pandas only supports SQLAlchemy connectable (engine/connection) or database string URI or sqlite3 DBAPI2 connection. Other DBAPI2 objects are not tested. Please consider using SQLAlchemy.
  df = pd.read_sql(sql, conn)
완료 (77s) | val MAE=0.3kW WAPE=12.2% F1=0.331
[48/80] H2.Z68                 학습 중... /workspace/LSTM/scripts/train/train_all_meters.py:130: UserWarning: pandas only supports SQLAlchemy connectable (engine/connection) or database string URI or sqlite3 DBAPI2 connection. Other DBAPI2 objects are not tested. Please consider using SQLAlchemy.
  df = pd.read_sql(sql, conn)
완료 (63s) | val MAE=0.1kW WAPE=3.6% F1=0.470
[49/80] H2.Z69                 학습 중... /workspace/LSTM/scripts/train/train_all_meters.py:130: UserWarning: pandas only supports SQLAlchemy connectable (engine/connection) or database string URI or sqlite3 DBAPI2 connection. Other DBAPI2 objects are not tested. Please consider using SQLAlchemy.
  df = pd.read_sql(sql, conn)
완료 (106s) | val MAE=0.0kW WAPE=2.1% F1=0.388
[50/80] H2.Z70                 학습 중... /workspace/LSTM/scripts/train/train_all_meters.py:130: UserWarning: pandas only supports SQLAlchemy connectable (engine/connection) or database string URI or sqlite3 DBAPI2 connection. Other DBAPI2 objects are not tested. Please consider using SQLAlchemy.
  df = pd.read_sql(sql, conn)
완료 (95s) | val MAE=0.1kW WAPE=6.7% F1=0.384
[51/80] H2.ZE64                학습 중... /workspace/LSTM/scripts/train/train_all_meters.py:130: UserWarning: pandas only supports SQLAlchemy connectable (engine/connection) or database string URI or sqlite3 DBAPI2 connection. Other DBAPI2 objects are not tested. Please consider using SQLAlchemy.
  df = pd.read_sql(sql, conn)
완료 (105s) | val MAE=7.9kW WAPE=100.0% F1=0.386
[52/80] H2.ZE65                학습 중... /workspace/LSTM/scripts/train/train_all_meters.py:130: UserWarning: pandas only supports SQLAlchemy connectable (engine/connection) or database string URI or sqlite3 DBAPI2 connection. Other DBAPI2 objects are not tested. Please consider using SQLAlchemy.
  df = pd.read_sql(sql, conn)
완료 (45s) | val MAE=7.7kW WAPE=100.0% F1=0.386
[53/80] H2.ZE66                학습 중... /workspace/LSTM/scripts/train/train_all_meters.py:130: UserWarning: pandas only supports SQLAlchemy connectable (engine/connection) or database string URI or sqlite3 DBAPI2 connection. Other DBAPI2 objects are not tested. Please consider using SQLAlchemy.
  df = pd.read_sql(sql, conn)
완료 (32s) | val MAE=2.3kW WAPE=100.0% F1=0.386
[54/80] H2.ZE67                학습 중... /workspace/LSTM/scripts/train/train_all_meters.py:130: UserWarning: pandas only supports SQLAlchemy connectable (engine/connection) or database string URI or sqlite3 DBAPI2 connection. Other DBAPI2 objects are not tested. Please consider using SQLAlchemy.
  df = pd.read_sql(sql, conn)
완료 (50s) | val MAE=1.8kW WAPE=100.0% F1=0.386
[55/80] H2.ZE74                학습 중... /workspace/LSTM/scripts/train/train_all_meters.py:130: UserWarning: pandas only supports SQLAlchemy connectable (engine/connection) or database string URI or sqlite3 DBAPI2 connection. Other DBAPI2 objects are not tested. Please consider using SQLAlchemy.
  df = pd.read_sql(sql, conn)
완료 (38s) | val MAE=0.4kW WAPE=100.0% F1=0.383
[56/80] H3.Z312                학습 중... /workspace/LSTM/scripts/train/train_all_meters.py:130: UserWarning: pandas only supports SQLAlchemy connectable (engine/connection) or database string URI or sqlite3 DBAPI2 connection. Other DBAPI2 objects are not tested. Please consider using SQLAlchemy.
  df = pd.read_sql(sql, conn)
완료 (34s) | val MAE=17.4kW WAPE=nan% F1=0.329
[57/80] H3.Z40                 학습 중... /workspace/LSTM/scripts/train/train_all_meters.py:130: UserWarning: pandas only supports SQLAlchemy connectable (engine/connection) or database string URI or sqlite3 DBAPI2 connection. Other DBAPI2 objects are not tested. Please consider using SQLAlchemy.
  df = pd.read_sql(sql, conn)
완료 (102s) | val MAE=0.5kW WAPE=5.4% F1=0.269
[58/80] H3.Z41                 학습 중... /workspace/LSTM/scripts/train/train_all_meters.py:130: UserWarning: pandas only supports SQLAlchemy connectable (engine/connection) or database string URI or sqlite3 DBAPI2 connection. Other DBAPI2 objects are not tested. Please consider using SQLAlchemy.
  df = pd.read_sql(sql, conn)
완료 (80s) | val MAE=0.3kW WAPE=7.4% F1=0.282
[59/80] H3.Z42                 학습 중... /workspace/LSTM/scripts/train/train_all_meters.py:130: UserWarning: pandas only supports SQLAlchemy connectable (engine/connection) or database string URI or sqlite3 DBAPI2 connection. Other DBAPI2 objects are not tested. Please consider using SQLAlchemy.
  df = pd.read_sql(sql, conn)
완료 (81s) | val MAE=0.9kW WAPE=8.1% F1=0.309
[60/80] H3.Z43                 학습 중... /workspace/LSTM/scripts/train/train_all_meters.py:130: UserWarning: pandas only supports SQLAlchemy connectable (engine/connection) or database string URI or sqlite3 DBAPI2 connection. Other DBAPI2 objects are not tested. Please consider using SQLAlchemy.
  df = pd.read_sql(sql, conn)
완료 (73s) | val MAE=0.5kW WAPE=14.4% F1=0.300
[61/80] H3.Z44                 학습 중... /workspace/LSTM/scripts/train/train_all_meters.py:130: UserWarning: pandas only supports SQLAlchemy connectable (engine/connection) or database string URI or sqlite3 DBAPI2 connection. Other DBAPI2 objects are not tested. Please consider using SQLAlchemy.
  df = pd.read_sql(sql, conn)
완료 (69s) | val MAE=0.4kW WAPE=15.9% F1=0.257
[62/80] H3.Z45                 학습 중... /workspace/LSTM/scripts/train/train_all_meters.py:130: UserWarning: pandas only supports SQLAlchemy connectable (engine/connection) or database string URI or sqlite3 DBAPI2 connection. Other DBAPI2 objects are not tested. Please consider using SQLAlchemy.
  df = pd.read_sql(sql, conn)
완료 (62s) | val MAE=0.7kW WAPE=27.4% F1=0.314
[63/80] H3.Z46                 학습 중... /workspace/LSTM/scripts/train/train_all_meters.py:130: UserWarning: pandas only supports SQLAlchemy connectable (engine/connection) or database string URI or sqlite3 DBAPI2 connection. Other DBAPI2 objects are not tested. Please consider using SQLAlchemy.
  df = pd.read_sql(sql, conn)
완료 (103s) | val MAE=0.3kW WAPE=4.8% F1=0.245
[64/80] H3.Z47                 학습 중... /workspace/LSTM/scripts/train/train_all_meters.py:130: UserWarning: pandas only supports SQLAlchemy connectable (engine/connection) or database string URI or sqlite3 DBAPI2 connection. Other DBAPI2 objects are not tested. Please consider using SQLAlchemy.
  df = pd.read_sql(sql, conn)
완료 (68s) | val MAE=0.4kW WAPE=10.3% F1=0.326
[65/80] H3.Z48                 학습 중... /workspace/LSTM/scripts/train/train_all_meters.py:130: UserWarning: pandas only supports SQLAlchemy connectable (engine/connection) or database string URI or sqlite3 DBAPI2 connection. Other DBAPI2 objects are not tested. Please consider using SQLAlchemy.
  df = pd.read_sql(sql, conn)
완료 (62s) | val MAE=0.3kW WAPE=30.4% F1=0.318
[66/80] H3.Z49                 학습 중... /workspace/LSTM/scripts/train/train_all_meters.py:130: UserWarning: pandas only supports SQLAlchemy connectable (engine/connection) or database string URI or sqlite3 DBAPI2 connection. Other DBAPI2 objects are not tested. Please consider using SQLAlchemy.
  df = pd.read_sql(sql, conn)
완료 (60s) | val MAE=0.2kW WAPE=39.2% F1=0.317
[67/80] H3.Z71                 학습 중... /workspace/LSTM/scripts/train/train_all_meters.py:130: UserWarning: pandas only supports SQLAlchemy connectable (engine/connection) or database string URI or sqlite3 DBAPI2 connection. Other DBAPI2 objects are not tested. Please consider using SQLAlchemy.
  df = pd.read_sql(sql, conn)
완료 (121s) | val MAE=0.1kW WAPE=1.0% F1=0.408
[68/80] H3.ZE40                학습 중... /workspace/LSTM/scripts/train/train_all_meters.py:130: UserWarning: pandas only supports SQLAlchemy connectable (engine/connection) or database string URI or sqlite3 DBAPI2 connection. Other DBAPI2 objects are not tested. Please consider using SQLAlchemy.
  df = pd.read_sql(sql, conn)
완료 (31s) | val MAE=6.0kW WAPE=100.1% F1=0.383
[69/80] H3.ZE41                학습 중... /workspace/LSTM/scripts/train/train_all_meters.py:130: UserWarning: pandas only supports SQLAlchemy connectable (engine/connection) or database string URI or sqlite3 DBAPI2 connection. Other DBAPI2 objects are not tested. Please consider using SQLAlchemy.
  df = pd.read_sql(sql, conn)
완료 (31s) | val MAE=3.2kW WAPE=101.4% F1=0.383
[70/80] H3.ZE43                학습 중... /workspace/LSTM/scripts/train/train_all_meters.py:130: UserWarning: pandas only supports SQLAlchemy connectable (engine/connection) or database string URI or sqlite3 DBAPI2 connection. Other DBAPI2 objects are not tested. Please consider using SQLAlchemy.
  df = pd.read_sql(sql, conn)
완료 (126s) | val MAE=2.7kW WAPE=100.0% F1=0.383
[71/80] H3.ZE44                학습 중... /workspace/LSTM/scripts/train/train_all_meters.py:130: UserWarning: pandas only supports SQLAlchemy connectable (engine/connection) or database string URI or sqlite3 DBAPI2 connection. Other DBAPI2 objects are not tested. Please consider using SQLAlchemy.
  df = pd.read_sql(sql, conn)
완료 (51s) | val MAE=1.9kW WAPE=100.0% F1=0.382
[72/80] H4.Z50                 학습 중... /workspace/LSTM/scripts/train/train_all_meters.py:130: UserWarning: pandas only supports SQLAlchemy connectable (engine/connection) or database string URI or sqlite3 DBAPI2 connection. Other DBAPI2 objects are not tested. Please consider using SQLAlchemy.
  df = pd.read_sql(sql, conn)
완료 (49s) | val MAE=0.7kW WAPE=19.5% F1=0.226
[73/80] H4.Z51                 학습 중... /workspace/LSTM/scripts/train/train_all_meters.py:130: UserWarning: pandas only supports SQLAlchemy connectable (engine/connection) or database string URI or sqlite3 DBAPI2 connection. Other DBAPI2 objects are not tested. Please consider using SQLAlchemy.
  df = pd.read_sql(sql, conn)
완료 (94s) | val MAE=0.2kW WAPE=5.6% F1=0.277
[74/80] H4.ZE50                학습 중... /workspace/LSTM/scripts/train/train_all_meters.py:130: UserWarning: pandas only supports SQLAlchemy connectable (engine/connection) or database string URI or sqlite3 DBAPI2 connection. Other DBAPI2 objects are not tested. Please consider using SQLAlchemy.
  df = pd.read_sql(sql, conn)
완료 (49s) | val MAE=2.2kW WAPE=100.0% F1=0.386
[75/80] H4.ZE51                학습 중... /workspace/LSTM/scripts/train/train_all_meters.py:130: UserWarning: pandas only supports SQLAlchemy connectable (engine/connection) or database string URI or sqlite3 DBAPI2 connection. Other DBAPI2 objects are not tested. Please consider using SQLAlchemy.
  df = pd.read_sql(sql, conn)
완료 (42s) | val MAE=4.0kW WAPE=100.0% F1=0.386
[76/80] V.K21                  학습 중... /workspace/LSTM/scripts/train/train_all_meters.py:130: UserWarning: pandas only supports SQLAlchemy connectable (engine/connection) or database string URI or sqlite3 DBAPI2 connection. Other DBAPI2 objects are not tested. Please consider using SQLAlchemy.
  df = pd.read_sql(sql, conn)
완료 (87s) | val MAE=7.9kW WAPE=14.6% F1=0.453
[77/80] V.Z81                  학습 중... /workspace/LSTM/scripts/train/train_all_meters.py:130: UserWarning: pandas only supports SQLAlchemy connectable (engine/connection) or database string URI or sqlite3 DBAPI2 connection. Other DBAPI2 objects are not tested. Please consider using SQLAlchemy.
  df = pd.read_sql(sql, conn)
완료 (84s) | val MAE=21.2kW WAPE=223.7% F1=0.300
[78/80] V.Z82                  학습 중... /workspace/LSTM/scripts/train/train_all_meters.py:130: UserWarning: pandas only supports SQLAlchemy connectable (engine/connection) or database string URI or sqlite3 DBAPI2 connection. Other DBAPI2 objects are not tested. Please consider using SQLAlchemy.
  df = pd.read_sql(sql, conn)
완료 (115s) | val MAE=16.3kW WAPE=64.8% F1=0.297
[79/80] V.Z84                  학습 중... /workspace/LSTM/scripts/train/train_all_meters.py:130: UserWarning: pandas only supports SQLAlchemy connectable (engine/connection) or database string URI or sqlite3 DBAPI2 connection. Other DBAPI2 objects are not tested. Please consider using SQLAlchemy.
  df = pd.read_sql(sql, conn)
완료 (113s) | val MAE=15.1kW WAPE=nan% F1=0.386
[80/80] V.ZE84                 학습 중... /workspace/LSTM/scripts/train/train_all_meters.py:130: UserWarning: pandas only supports SQLAlchemy connectable (engine/connection) or database string URI or sqlite3 DBAPI2 connection. Other DBAPI2 objects are not tested. Please consider using SQLAlchemy.
  df = pd.read_sql(sql, conn)
완료 (29s) | val MAE=0.0kW WAPE=nan% F1=0.240

======================================================================
완료: 57개  스킵: 0개  오류: 0개
val MAE  평균: 4.9 kW
val RMSE 평균: 8.8 kW
val MAPE 평균: 44.5%
val WAPE 평균: 39.3%
val F1   평균: 0.342

결과 저장: outputs/all_meters_results.csv
