/usr/local/lib/python3.12/dist-packages/mlflow/tracking/_tracking_service/utils.py:184: FutureWarning: The filesystem tracking backend (e.g., './mlruns') is deprecated as of February 2026. Consider transitioning to a database backend (e.g., 'sqlite:///mlflow.db') to take advantage of the latest MLflow features. See https://mlflow.org/docs/latest/self-hosting/migrate-from-file-store for migration guidance.
  return FileStore(store_uri, store_uri)
▶ 디바이스: cuda
▶ 데이터 로드 중 (DB → wide DataFrame)...
/workspace/LSTM/scripts/train/train_all_energy.py:179: UserWarning: pandas only supports SQLAlchemy connectable (engine/connection) or database string URI or sqlite3 DBAPI2 connection. Other DBAPI2 objects are not tested. Please consider using SQLAlchemy.
  df_long = pd.read_sql(sql, conn)
  기간: 2017-12-30 ~ 2023-12-31  (52,608행)
  에너지 컬럼: ['grid_P', 'pv_gen', 'chp_gen', 'cool_P', 'cool_elec_P', 'heat_P', 'chp_heat_P']
⏭  grid_P — 이미 학습됨, 건너뜀

============================================================
  타겟: pv_gen
============================================================
▶ VMD 분해 중 (K=4, alpha=2000)...
/workspace/LSTM/scripts/train/train_all_energy.py:290: FutureWarning: ChainedAssignmentError: behaviour will change in pandas 3.0!
You are setting values through chained assignment. Currently this works in certain cases, but when using Copy-on-Write (which will become the default behaviour in pandas 3.0) this will never work to update the original DataFrame or Series, because the intermediate object on which we are setting values will behave as a copy.
A typical example is when you are setting values in a column of a DataFrame, like:

df["col"][row_indexer] = value

Use `df.loc[row_indexer, "col"] = values` instead, to perform the assignment in a single step and ensure this keeps updating the original `df`.

See the caveats in the documentation: https://pandas.pydata.org/pandas-docs/stable/user_guide/indexing.html#returning-a-view-versus-a-copy

  df[col].iloc[0] = 0
/workspace/LSTM/scripts/train/train_all_energy.py:290: FutureWarning: ChainedAssignmentError: behaviour will change in pandas 3.0!
You are setting values through chained assignment. Currently this works in certain cases, but when using Copy-on-Write (which will become the default behaviour in pandas 3.0) this will never work to update the original DataFrame or Series, because the intermediate object on which we are setting values will behave as a copy.
A typical example is when you are setting values in a column of a DataFrame, like:

df["col"][row_indexer] = value

Use `df.loc[row_indexer, "col"] = values` instead, to perform the assignment in a single step and ensure this keeps updating the original `df`.

See the caveats in the documentation: https://pandas.pydata.org/pandas-docs/stable/user_guide/indexing.html#returning-a-view-versus-a-copy

  df[col].iloc[0] = 0
/workspace/LSTM/scripts/train/train_all_energy.py:290: FutureWarning: ChainedAssignmentError: behaviour will change in pandas 3.0!
You are setting values through chained assignment. Currently this works in certain cases, but when using Copy-on-Write (which will become the default behaviour in pandas 3.0) this will never work to update the original DataFrame or Series, because the intermediate object on which we are setting values will behave as a copy.
A typical example is when you are setting values in a column of a DataFrame, like:

df["col"][row_indexer] = value

Use `df.loc[row_indexer, "col"] = values` instead, to perform the assignment in a single step and ensure this keeps updating the original `df`.

See the caveats in the documentation: https://pandas.pydata.org/pandas-docs/stable/user_guide/indexing.html#returning-a-view-versus-a-copy

  df[col].iloc[0] = 0
/workspace/LSTM/scripts/train/train_all_energy.py:290: FutureWarning: ChainedAssignmentError: behaviour will change in pandas 3.0!
You are setting values through chained assignment. Currently this works in certain cases, but when using Copy-on-Write (which will become the default behaviour in pandas 3.0) this will never work to update the original DataFrame or Series, because the intermediate object on which we are setting values will behave as a copy.
A typical example is when you are setting values in a column of a DataFrame, like:

df["col"][row_indexer] = value

Use `df.loc[row_indexer, "col"] = values` instead, to perform the assignment in a single step and ensure this keeps updating the original `df`.

See the caveats in the documentation: https://pandas.pydata.org/pandas-docs/stable/user_guide/indexing.html#returning-a-view-versus-a-copy

  df[col].iloc[0] = 0
▶ 피처 수: 21  (에너지 6 + 기상 2 + 시간 6 + VMD 4 + lag 3)
  학습 : 2018-01-01 ~ 2021-12-31 (33,238행)
  검증 : 2022-01-01   ~ 2022-12-31   (8,737행)
  테스트: 2023-01-01 ~ 2023-12-31  (8,737행)
▶ LSTM 학습 중 (epochs=100, early_stop=15, device=cuda)...
  Epoch   1 | train=0.004492 | val=0.005232 | no_improve=0
  Epoch  10 | train=0.000745 | val=0.001555 | no_improve=0
  Epoch  20 | train=0.000494 | val=0.000960 | no_improve=0
  Epoch  30 | train=0.000365 | val=0.000714 | no_improve=0
  Epoch  40 | train=0.000329 | val=0.000701 | no_improve=1
  Epoch  50 | train=0.000292 | val=0.000733 | no_improve=4
  Epoch  60 | train=0.000275 | val=0.000725 | no_improve=5
  Epoch  70 | train=0.000231 | val=0.000645 | no_improve=8
  Early stopping at epoch 77
▶ 예측 평가 중...

  val  MAE=8,871.2W  RMSE=19,954.9W  MAPE=71.64%
  test MAE=7,745.5W  RMSE=16,278.8W  MAPE=56.82%
  train 잔차 mean=3,526.6W  std=9,905.1W
▶ Isolation Forest 학습 중...
▶ 임계치 최적화 중 (val F1 기준)...
  최적 k=0.6  val F1=0.354  threshold=9,469.7W
  val  F1=0.354  Prec=0.274  Rec=0.501  AUC=0.632
  test F1=0.000  Prec=0.000  Rec=0.000  AUC=nan
▶ 저장 완료: outputs/models/energy/pv_gen/

============================================================
  타겟: chp_gen
============================================================
▶ VMD 분해 중 (K=4, alpha=2000)...
/workspace/LSTM/scripts/train/train_all_energy.py:290: FutureWarning: ChainedAssignmentError: behaviour will change in pandas 3.0!
You are setting values through chained assignment. Currently this works in certain cases, but when using Copy-on-Write (which will become the default behaviour in pandas 3.0) this will never work to update the original DataFrame or Series, because the intermediate object on which we are setting values will behave as a copy.
A typical example is when you are setting values in a column of a DataFrame, like:

df["col"][row_indexer] = value

Use `df.loc[row_indexer, "col"] = values` instead, to perform the assignment in a single step and ensure this keeps updating the original `df`.

See the caveats in the documentation: https://pandas.pydata.org/pandas-docs/stable/user_guide/indexing.html#returning-a-view-versus-a-copy

  df[col].iloc[0] = 0
/workspace/LSTM/scripts/train/train_all_energy.py:290: FutureWarning: ChainedAssignmentError: behaviour will change in pandas 3.0!
You are setting values through chained assignment. Currently this works in certain cases, but when using Copy-on-Write (which will become the default behaviour in pandas 3.0) this will never work to update the original DataFrame or Series, because the intermediate object on which we are setting values will behave as a copy.
A typical example is when you are setting values in a column of a DataFrame, like:

df["col"][row_indexer] = value

Use `df.loc[row_indexer, "col"] = values` instead, to perform the assignment in a single step and ensure this keeps updating the original `df`.

See the caveats in the documentation: https://pandas.pydata.org/pandas-docs/stable/user_guide/indexing.html#returning-a-view-versus-a-copy

  df[col].iloc[0] = 0
/workspace/LSTM/scripts/train/train_all_energy.py:290: FutureWarning: ChainedAssignmentError: behaviour will change in pandas 3.0!
You are setting values through chained assignment. Currently this works in certain cases, but when using Copy-on-Write (which will become the default behaviour in pandas 3.0) this will never work to update the original DataFrame or Series, because the intermediate object on which we are setting values will behave as a copy.
A typical example is when you are setting values in a column of a DataFrame, like:

df["col"][row_indexer] = value

Use `df.loc[row_indexer, "col"] = values` instead, to perform the assignment in a single step and ensure this keeps updating the original `df`.

See the caveats in the documentation: https://pandas.pydata.org/pandas-docs/stable/user_guide/indexing.html#returning-a-view-versus-a-copy

  df[col].iloc[0] = 0
/workspace/LSTM/scripts/train/train_all_energy.py:290: FutureWarning: ChainedAssignmentError: behaviour will change in pandas 3.0!
You are setting values through chained assignment. Currently this works in certain cases, but when using Copy-on-Write (which will become the default behaviour in pandas 3.0) this will never work to update the original DataFrame or Series, because the intermediate object on which we are setting values will behave as a copy.
A typical example is when you are setting values in a column of a DataFrame, like:

df["col"][row_indexer] = value

Use `df.loc[row_indexer, "col"] = values` instead, to perform the assignment in a single step and ensure this keeps updating the original `df`.

See the caveats in the documentation: https://pandas.pydata.org/pandas-docs/stable/user_guide/indexing.html#returning-a-view-versus-a-copy

  df[col].iloc[0] = 0
▶ 피처 수: 21  (에너지 6 + 기상 2 + 시간 6 + VMD 4 + lag 3)
  학습 : 2018-01-01 ~ 2021-12-31 (33,238행)
  검증 : 2022-01-01   ~ 2022-12-31   (8,737행)
  테스트: 2023-01-01 ~ 2023-12-31  (8,737행)
▶ LSTM 학습 중 (epochs=100, early_stop=15, device=cuda)...
  Epoch   1 | train=0.027533 | val=0.010943 | no_improve=0
  Epoch  10 | train=0.006671 | val=0.003046 | no_improve=0
  Epoch  20 | train=0.005009 | val=0.002340 | no_improve=1
  Epoch  30 | train=0.003096 | val=0.001258 | no_improve=0
  Epoch  40 | train=0.002476 | val=0.001060 | no_improve=0
  Epoch  50 | train=0.001955 | val=0.000830 | no_improve=1
  Epoch  60 | train=0.001625 | val=0.000761 | no_improve=4
  Epoch  70 | train=0.001503 | val=0.000776 | no_improve=1
  Epoch  80 | train=0.001457 | val=0.000729 | no_improve=4
  Epoch  90 | train=0.001325 | val=0.000700 | no_improve=2
  Epoch 100 | train=0.001262 | val=0.000701 | no_improve=5
▶ 예측 평가 중...

  val  MAE=3,562.8W  RMSE=7,860.1W  MAPE=54.15%
  test MAE=9,655.8W  RMSE=19,051.5W  MAPE=304.14%
  train 잔차 mean=4,816.6W  std=7,798.8W
▶ Isolation Forest 학습 중...
▶ 임계치 최적화 중 (val F1 기준)...
  최적 k=4.0  val F1=0.359  threshold=36,011.6W
  val  F1=0.359  Prec=0.313  Rec=0.420  AUC=0.267
  test F1=0.000  Prec=0.000  Rec=0.000  AUC=nan
▶ 저장 완료: outputs/models/energy/chp_gen/

============================================================
  타겟: cool_P
============================================================
▶ VMD 분해 중 (K=4, alpha=2000)...
/workspace/LSTM/scripts/train/train_all_energy.py:290: FutureWarning: ChainedAssignmentError: behaviour will change in pandas 3.0!
You are setting values through chained assignment. Currently this works in certain cases, but when using Copy-on-Write (which will become the default behaviour in pandas 3.0) this will never work to update the original DataFrame or Series, because the intermediate object on which we are setting values will behave as a copy.
A typical example is when you are setting values in a column of a DataFrame, like:

df["col"][row_indexer] = value

Use `df.loc[row_indexer, "col"] = values` instead, to perform the assignment in a single step and ensure this keeps updating the original `df`.

See the caveats in the documentation: https://pandas.pydata.org/pandas-docs/stable/user_guide/indexing.html#returning-a-view-versus-a-copy

  df[col].iloc[0] = 0
/workspace/LSTM/scripts/train/train_all_energy.py:290: FutureWarning: ChainedAssignmentError: behaviour will change in pandas 3.0!
You are setting values through chained assignment. Currently this works in certain cases, but when using Copy-on-Write (which will become the default behaviour in pandas 3.0) this will never work to update the original DataFrame or Series, because the intermediate object on which we are setting values will behave as a copy.
A typical example is when you are setting values in a column of a DataFrame, like:

df["col"][row_indexer] = value

Use `df.loc[row_indexer, "col"] = values` instead, to perform the assignment in a single step and ensure this keeps updating the original `df`.

See the caveats in the documentation: https://pandas.pydata.org/pandas-docs/stable/user_guide/indexing.html#returning-a-view-versus-a-copy

  df[col].iloc[0] = 0
/workspace/LSTM/scripts/train/train_all_energy.py:290: FutureWarning: ChainedAssignmentError: behaviour will change in pandas 3.0!
You are setting values through chained assignment. Currently this works in certain cases, but when using Copy-on-Write (which will become the default behaviour in pandas 3.0) this will never work to update the original DataFrame or Series, because the intermediate object on which we are setting values will behave as a copy.
A typical example is when you are setting values in a column of a DataFrame, like:

df["col"][row_indexer] = value

Use `df.loc[row_indexer, "col"] = values` instead, to perform the assignment in a single step and ensure this keeps updating the original `df`.

See the caveats in the documentation: https://pandas.pydata.org/pandas-docs/stable/user_guide/indexing.html#returning-a-view-versus-a-copy

  df[col].iloc[0] = 0
/workspace/LSTM/scripts/train/train_all_energy.py:290: FutureWarning: ChainedAssignmentError: behaviour will change in pandas 3.0!
You are setting values through chained assignment. Currently this works in certain cases, but when using Copy-on-Write (which will become the default behaviour in pandas 3.0) this will never work to update the original DataFrame or Series, because the intermediate object on which we are setting values will behave as a copy.
A typical example is when you are setting values in a column of a DataFrame, like:

df["col"][row_indexer] = value

Use `df.loc[row_indexer, "col"] = values` instead, to perform the assignment in a single step and ensure this keeps updating the original `df`.

See the caveats in the documentation: https://pandas.pydata.org/pandas-docs/stable/user_guide/indexing.html#returning-a-view-versus-a-copy

  df[col].iloc[0] = 0
▶ 피처 수: 21  (에너지 6 + 기상 2 + 시간 6 + VMD 4 + lag 3)
  학습 : 2018-01-01 ~ 2021-12-31 (33,238행)
  검증 : 2022-01-01   ~ 2022-12-31   (8,737행)
  테스트: 2023-01-01 ~ 2023-12-31  (8,737행)
▶ LSTM 학습 중 (epochs=100, early_stop=15, device=cuda)...
  Epoch   1 | train=0.003858 | val=0.002613 | no_improve=0
  Epoch  10 | train=0.000924 | val=0.001205 | no_improve=0
  Epoch  20 | train=0.000526 | val=0.000746 | no_improve=0
  Epoch  30 | train=0.000381 | val=0.000482 | no_improve=0
  Epoch  40 | train=0.000241 | val=0.000273 | no_improve=1
  Epoch  50 | train=0.000202 | val=0.000201 | no_improve=1
  Epoch  60 | train=0.000175 | val=0.000166 | no_improve=0
  Epoch  70 | train=0.000152 | val=0.000149 | no_improve=1
  Epoch  80 | train=0.000127 | val=0.000126 | no_improve=0
  Epoch  90 | train=0.000115 | val=0.000123 | no_improve=0
  Epoch 100 | train=0.000109 | val=0.000121 | no_improve=0
▶ 예측 평가 중...

  val  MAE=3,349.3W  RMSE=5,743.3W  MAPE=15.22%
  test MAE=3,862.7W  RMSE=22,185.6W  MAPE=18.23%
  train 잔차 mean=2,793.2W  std=3,150.4W
▶ Isolation Forest 학습 중...
▶ 임계치 최적화 중 (val F1 기준)...
  최적 k=0.5  val F1=0.407  threshold=4,368.4W
  val  F1=0.407  Prec=0.300  Rec=0.632  AUC=0.667
  test F1=0.000  Prec=0.000  Rec=0.000  AUC=nan
▶ 저장 완료: outputs/models/energy/cool_P/

============================================================
  타겟: cool_elec_P
============================================================
▶ VMD 분해 중 (K=4, alpha=2000)...
/workspace/LSTM/scripts/train/train_all_energy.py:290: FutureWarning: ChainedAssignmentError: behaviour will change in pandas 3.0!
You are setting values through chained assignment. Currently this works in certain cases, but when using Copy-on-Write (which will become the default behaviour in pandas 3.0) this will never work to update the original DataFrame or Series, because the intermediate object on which we are setting values will behave as a copy.
A typical example is when you are setting values in a column of a DataFrame, like:

df["col"][row_indexer] = value

Use `df.loc[row_indexer, "col"] = values` instead, to perform the assignment in a single step and ensure this keeps updating the original `df`.

See the caveats in the documentation: https://pandas.pydata.org/pandas-docs/stable/user_guide/indexing.html#returning-a-view-versus-a-copy

  df[col].iloc[0] = 0
/workspace/LSTM/scripts/train/train_all_energy.py:290: FutureWarning: ChainedAssignmentError: behaviour will change in pandas 3.0!
You are setting values through chained assignment. Currently this works in certain cases, but when using Copy-on-Write (which will become the default behaviour in pandas 3.0) this will never work to update the original DataFrame or Series, because the intermediate object on which we are setting values will behave as a copy.
A typical example is when you are setting values in a column of a DataFrame, like:

df["col"][row_indexer] = value

Use `df.loc[row_indexer, "col"] = values` instead, to perform the assignment in a single step and ensure this keeps updating the original `df`.

See the caveats in the documentation: https://pandas.pydata.org/pandas-docs/stable/user_guide/indexing.html#returning-a-view-versus-a-copy

  df[col].iloc[0] = 0
/workspace/LSTM/scripts/train/train_all_energy.py:290: FutureWarning: ChainedAssignmentError: behaviour will change in pandas 3.0!
You are setting values through chained assignment. Currently this works in certain cases, but when using Copy-on-Write (which will become the default behaviour in pandas 3.0) this will never work to update the original DataFrame or Series, because the intermediate object on which we are setting values will behave as a copy.
A typical example is when you are setting values in a column of a DataFrame, like:

df["col"][row_indexer] = value

Use `df.loc[row_indexer, "col"] = values` instead, to perform the assignment in a single step and ensure this keeps updating the original `df`.

See the caveats in the documentation: https://pandas.pydata.org/pandas-docs/stable/user_guide/indexing.html#returning-a-view-versus-a-copy

  df[col].iloc[0] = 0
/workspace/LSTM/scripts/train/train_all_energy.py:290: FutureWarning: ChainedAssignmentError: behaviour will change in pandas 3.0!
You are setting values through chained assignment. Currently this works in certain cases, but when using Copy-on-Write (which will become the default behaviour in pandas 3.0) this will never work to update the original DataFrame or Series, because the intermediate object on which we are setting values will behave as a copy.
A typical example is when you are setting values in a column of a DataFrame, like:

df["col"][row_indexer] = value

Use `df.loc[row_indexer, "col"] = values` instead, to perform the assignment in a single step and ensure this keeps updating the original `df`.

See the caveats in the documentation: https://pandas.pydata.org/pandas-docs/stable/user_guide/indexing.html#returning-a-view-versus-a-copy

  df[col].iloc[0] = 0
▶ 피처 수: 21  (에너지 6 + 기상 2 + 시간 6 + VMD 4 + lag 3)
  학습 : 2018-01-01 ~ 2021-12-31 (33,238행)
  검증 : 2022-01-01   ~ 2022-12-31   (8,737행)
  테스트: 2023-01-01 ~ 2023-12-31  (8,737행)
▶ LSTM 학습 중 (epochs=100, early_stop=15, device=cuda)...
  Epoch   1 | train=0.002700 | val=0.004022 | no_improve=0
  Epoch  10 | train=0.000729 | val=0.000958 | no_improve=0
  Epoch  20 | train=0.000568 | val=0.000914 | no_improve=7
  Epoch  30 | train=0.000425 | val=0.000598 | no_improve=0
  Epoch  40 | train=0.000250 | val=0.000276 | no_improve=0
  Epoch  50 | train=0.000207 | val=0.000274 | no_improve=1
  Epoch  60 | train=0.000171 | val=0.000183 | no_improve=4
  Epoch  70 | train=0.000151 | val=0.000172 | no_improve=5
  Epoch  80 | train=0.000142 | val=0.000155 | no_improve=5
  Epoch  90 | train=0.000133 | val=0.000142 | no_improve=4
  Epoch 100 | train=0.000127 | val=0.000145 | no_improve=14
▶ 예측 평가 중...

  val  MAE=1,712.3W  RMSE=2,742.6W  MAPE=12.70%
  test MAE=1,434.2W  RMSE=2,746.0W  MAPE=18.14%
  train 잔차 mean=1,451.5W  std=1,623.4W
▶ Isolation Forest 학습 중...
▶ 임계치 최적화 중 (val F1 기준)...
  최적 k=0.5  val F1=0.386  threshold=2,263.2W
  val  F1=0.386  Prec=0.287  Rec=0.589  AUC=0.664
  test F1=0.000  Prec=0.000  Rec=0.000  AUC=nan
▶ 저장 완료: outputs/models/energy/cool_elec_P/

============================================================
  타겟: heat_P
============================================================
▶ VMD 분해 중 (K=4, alpha=2000)...
/workspace/LSTM/scripts/train/train_all_energy.py:290: FutureWarning: ChainedAssignmentError: behaviour will change in pandas 3.0!
You are setting values through chained assignment. Currently this works in certain cases, but when using Copy-on-Write (which will become the default behaviour in pandas 3.0) this will never work to update the original DataFrame or Series, because the intermediate object on which we are setting values will behave as a copy.
A typical example is when you are setting values in a column of a DataFrame, like:

df["col"][row_indexer] = value

Use `df.loc[row_indexer, "col"] = values` instead, to perform the assignment in a single step and ensure this keeps updating the original `df`.

See the caveats in the documentation: https://pandas.pydata.org/pandas-docs/stable/user_guide/indexing.html#returning-a-view-versus-a-copy

  df[col].iloc[0] = 0
/workspace/LSTM/scripts/train/train_all_energy.py:290: FutureWarning: ChainedAssignmentError: behaviour will change in pandas 3.0!
You are setting values through chained assignment. Currently this works in certain cases, but when using Copy-on-Write (which will become the default behaviour in pandas 3.0) this will never work to update the original DataFrame or Series, because the intermediate object on which we are setting values will behave as a copy.
A typical example is when you are setting values in a column of a DataFrame, like:

df["col"][row_indexer] = value

Use `df.loc[row_indexer, "col"] = values` instead, to perform the assignment in a single step and ensure this keeps updating the original `df`.

See the caveats in the documentation: https://pandas.pydata.org/pandas-docs/stable/user_guide/indexing.html#returning-a-view-versus-a-copy

  df[col].iloc[0] = 0
/workspace/LSTM/scripts/train/train_all_energy.py:290: FutureWarning: ChainedAssignmentError: behaviour will change in pandas 3.0!
You are setting values through chained assignment. Currently this works in certain cases, but when using Copy-on-Write (which will become the default behaviour in pandas 3.0) this will never work to update the original DataFrame or Series, because the intermediate object on which we are setting values will behave as a copy.
A typical example is when you are setting values in a column of a DataFrame, like:

df["col"][row_indexer] = value

Use `df.loc[row_indexer, "col"] = values` instead, to perform the assignment in a single step and ensure this keeps updating the original `df`.

See the caveats in the documentation: https://pandas.pydata.org/pandas-docs/stable/user_guide/indexing.html#returning-a-view-versus-a-copy

  df[col].iloc[0] = 0
/workspace/LSTM/scripts/train/train_all_energy.py:290: FutureWarning: ChainedAssignmentError: behaviour will change in pandas 3.0!
You are setting values through chained assignment. Currently this works in certain cases, but when using Copy-on-Write (which will become the default behaviour in pandas 3.0) this will never work to update the original DataFrame or Series, because the intermediate object on which we are setting values will behave as a copy.
A typical example is when you are setting values in a column of a DataFrame, like:

df["col"][row_indexer] = value

Use `df.loc[row_indexer, "col"] = values` instead, to perform the assignment in a single step and ensure this keeps updating the original `df`.

See the caveats in the documentation: https://pandas.pydata.org/pandas-docs/stable/user_guide/indexing.html#returning-a-view-versus-a-copy

  df[col].iloc[0] = 0
▶ 피처 수: 21  (에너지 6 + 기상 2 + 시간 6 + VMD 4 + lag 3)
  학습 : 2018-01-01 ~ 2021-12-31 (33,238행)
  검증 : 2022-01-01   ~ 2022-12-31   (8,737행)
  테스트: 2023-01-01 ~ 2023-12-31  (8,737행)
▶ LSTM 학습 중 (epochs=100, early_stop=15, device=cuda)...
  Epoch   1 | train=0.005758 | val=0.002128 | no_improve=0
  Epoch  10 | train=0.000961 | val=0.000609 | no_improve=0
  Epoch  20 | train=0.000702 | val=0.000620 | no_improve=1
  Epoch  30 | train=0.000649 | val=0.000693 | no_improve=1
  Epoch  40 | train=0.000593 | val=0.000493 | no_improve=1
  Epoch  50 | train=0.000589 | val=0.000463 | no_improve=4
  Epoch  60 | train=0.000569 | val=0.000448 | no_improve=0
  Epoch  70 | train=0.000550 | val=0.000436 | no_improve=1
  Epoch  80 | train=0.000553 | val=0.000435 | no_improve=5
  Epoch  90 | train=0.000544 | val=0.000430 | no_improve=3
  Epoch 100 | train=0.000543 | val=0.000430 | no_improve=2
▶ 예측 평가 중...

  val  MAE=25,339.5W  RMSE=34,059.4W  MAPE=117.40%
  test MAE=22,904.5W  RMSE=33,677.9W  MAPE=157.84%
  train 잔차 mean=26,232.5W  std=23,986.5W
▶ Isolation Forest 학습 중...
▶ 임계치 최적화 중 (val F1 기준)...
  최적 k=0.5  val F1=0.368  threshold=38,225.7W
  val  F1=0.368  Prec=0.268  Rec=0.588  AUC=0.519
  test F1=0.000  Prec=0.000  Rec=0.000  AUC=nan
▶ 저장 완료: outputs/models/energy/heat_P/

============================================================
  타겟: chp_heat_P
============================================================
▶ VMD 분해 중 (K=4, alpha=2000)...
/workspace/LSTM/scripts/train/train_all_energy.py:290: FutureWarning: ChainedAssignmentError: behaviour will change in pandas 3.0!
You are setting values through chained assignment. Currently this works in certain cases, but when using Copy-on-Write (which will become the default behaviour in pandas 3.0) this will never work to update the original DataFrame or Series, because the intermediate object on which we are setting values will behave as a copy.
A typical example is when you are setting values in a column of a DataFrame, like:

df["col"][row_indexer] = value

Use `df.loc[row_indexer, "col"] = values` instead, to perform the assignment in a single step and ensure this keeps updating the original `df`.

See the caveats in the documentation: https://pandas.pydata.org/pandas-docs/stable/user_guide/indexing.html#returning-a-view-versus-a-copy

  df[col].iloc[0] = 0
/workspace/LSTM/scripts/train/train_all_energy.py:290: FutureWarning: ChainedAssignmentError: behaviour will change in pandas 3.0!
You are setting values through chained assignment. Currently this works in certain cases, but when using Copy-on-Write (which will become the default behaviour in pandas 3.0) this will never work to update the original DataFrame or Series, because the intermediate object on which we are setting values will behave as a copy.
A typical example is when you are setting values in a column of a DataFrame, like:

df["col"][row_indexer] = value

Use `df.loc[row_indexer, "col"] = values` instead, to perform the assignment in a single step and ensure this keeps updating the original `df`.

See the caveats in the documentation: https://pandas.pydata.org/pandas-docs/stable/user_guide/indexing.html#returning-a-view-versus-a-copy

  df[col].iloc[0] = 0
/workspace/LSTM/scripts/train/train_all_energy.py:290: FutureWarning: ChainedAssignmentError: behaviour will change in pandas 3.0!
You are setting values through chained assignment. Currently this works in certain cases, but when using Copy-on-Write (which will become the default behaviour in pandas 3.0) this will never work to update the original DataFrame or Series, because the intermediate object on which we are setting values will behave as a copy.
A typical example is when you are setting values in a column of a DataFrame, like:

df["col"][row_indexer] = value

Use `df.loc[row_indexer, "col"] = values` instead, to perform the assignment in a single step and ensure this keeps updating the original `df`.

See the caveats in the documentation: https://pandas.pydata.org/pandas-docs/stable/user_guide/indexing.html#returning-a-view-versus-a-copy

  df[col].iloc[0] = 0
/workspace/LSTM/scripts/train/train_all_energy.py:290: FutureWarning: ChainedAssignmentError: behaviour will change in pandas 3.0!
You are setting values through chained assignment. Currently this works in certain cases, but when using Copy-on-Write (which will become the default behaviour in pandas 3.0) this will never work to update the original DataFrame or Series, because the intermediate object on which we are setting values will behave as a copy.
A typical example is when you are setting values in a column of a DataFrame, like:

df["col"][row_indexer] = value

Use `df.loc[row_indexer, "col"] = values` instead, to perform the assignment in a single step and ensure this keeps updating the original `df`.

See the caveats in the documentation: https://pandas.pydata.org/pandas-docs/stable/user_guide/indexing.html#returning-a-view-versus-a-copy

  df[col].iloc[0] = 0
▶ 피처 수: 21  (에너지 6 + 기상 2 + 시간 6 + VMD 4 + lag 3)
  학습 : 2018-01-01 ~ 2021-12-31 (33,238행)
  검증 : 2022-01-01   ~ 2022-12-31   (8,737행)
  테스트: 2023-01-01 ~ 2023-12-31  (8,737행)
▶ LSTM 학습 중 (epochs=100, early_stop=15, device=cuda)...
  Epoch   1 | train=0.022834 | val=0.007850 | no_improve=0
  Epoch  10 | train=0.005487 | val=0.002670 | no_improve=1
  Epoch  20 | train=0.004695 | val=0.002152 | no_improve=3
  Epoch  30 | train=0.002721 | val=0.001098 | no_improve=0
  Epoch  40 | train=0.002032 | val=0.000899 | no_improve=3
  Epoch  50 | train=0.001533 | val=0.000686 | no_improve=0
  Epoch  60 | train=0.001364 | val=0.000656 | no_improve=2
  Epoch  70 | train=0.001215 | val=0.000656 | no_improve=3
  Epoch  80 | train=0.001160 | val=0.000650 | no_improve=13
  Early stopping at epoch 82
▶ 예측 평가 중...

  val  MAE=5,760.9W  RMSE=12,527.2W  MAPE=50.67%
  test MAE=15,297.7W  RMSE=29,235.9W  MAPE=102.50%
  train 잔차 mean=8,173.2W  std=12,764.4W
▶ Isolation Forest 학습 중...
▶ 임계치 최적화 중 (val F1 기준)...
  최적 k=4.0  val F1=0.380  threshold=59,230.7W
  val  F1=0.380  Prec=0.330  Rec=0.448  AUC=0.308
  test F1=0.000  Prec=0.000  Rec=0.000  AUC=nan
▶ 저장 완료: outputs/models/energy/chp_heat_P/

============================================================
✓ 전체 완료
     target  val_mae  val_mape  test_mae  test_mape  val_f1
     pv_gen   8871.2     71.64    7745.5      56.82  0.3541
    chp_gen   3562.8     54.15    9655.8     304.14  0.3587
     cool_P   3349.3     15.22    3862.7      18.23  0.4066
cool_elec_P   1712.3     12.70    1434.2      18.14  0.3864
     heat_P  25339.5    117.40   22904.5     157.84  0.3678
 chp_heat_P   5760.9     50.67   15297.7     102.50  0.3802

▶ 결과 저장: outputs/all_energy_results.csv
▶ 모델 경로: outputs/models/energy/{target}/
